Vivado Simulator v2023.2
Copyright 1986-2022 Xilinx, Inc. All Rights Reserved.
Copyright 2022-2023 Advanced Micro Devices, Inc. All Rights Reserved.
Running: D:/vivado/Vivado/2023.2/bin/unwrapped/win64.o/xelab.exe --incr --debug typical --relax --mt 2 -L xil_defaultlib -L xbip_utils_v3_0_11 -L axi_utils_v2_0_7 -L fir_compiler_v7_2_20 -L xbip_pipe_v3_0_7 -L xbip_bram18k_v3_0_7 -L mult_gen_v12_0_19 -L xbip_dsp48_wrapper_v3_0_5 -L xbip_dsp48_addsub_v3_0_7 -L xbip_dsp48_multadd_v3_0_7 -L dds_compiler_v6_0_23 -L unisims_ver -L unimacro_ver -L secureip -L xpm --snapshot qpsk_mod_demod_tb_behav xil_defaultlib.qpsk_mod_demod_tb xil_defaultlib.glbl -log elaborate.log 
Using 2 slave threads.
Starting static elaboration
Pass Through NonSizing Optimizer
WARNING: [VRFC 10-9380] size mismatch in mixed-language port association of VHDL port 's_axis_data_tdata' [D:/Final Homework/project_2/project_2.srcs/sources_1/new/qpskdemod.v:115]
WARNING: [VRFC 10-9380] size mismatch in mixed-language port association of VHDL port 's_axis_data_tdata' [D:/Final Homework/project_2/project_2.srcs/sources_1/new/qpskdemod.v:125]
Completed static elaboration
Starting simulation data flow analysis
WARNING: [XSIM 43-4099] "D:/Final Homework/project_2/project_2.srcs/sources_1/new/PN_Gen.v" Line 1. Module PN_Gen doesn't have a timescale but at least one module in design has a timescale.
WARNING: [XSIM 43-4099] "D:/Final Homework/project_2/project_2.srcs/sources_1/new/PN_Gen.v" Line 1. Module PN_Gen doesn't have a timescale but at least one module in design has a timescale.
Completed simulation data flow analysis
Time Resolution for simulation is 1ps
Compiling package std.standard
Compiling package std.textio
Compiling package ieee.std_logic_1164
Compiling package ieee.numeric_std
Compiling package xbip_utils_v3_0_11.xbip_utils_v3_0_11_pkg
Compiling package xbip_utils_v3_0_11.xcc_utils_v3_0
Compiling package dds_compiler_v6_0_23.dds_compiler_v6_0_23_viv_comp
Compiling package ieee.std_logic_arith
Compiling package ieee.std_logic_signed
Compiling package dds_compiler_v6_0_23.pkg_dds_compiler_v6_0_23
Compiling package dds_compiler_v6_0_23.dds_compiler_v6_0_23_hdl_comps
Compiling package xbip_pipe_v3_0_7.xbip_pipe_v3_0_7_viv_comp
Compiling package axi_utils_v2_0_7.axi_utils_v2_0_7_pkg
Compiling package ieee.math_real
Compiling package axi_utils_v2_0_7.global_util_pkg
Compiling package axi_utils_v2_0_7.axi_utils_comps
Compiling package unisim.vcomponents
Compiling package ieee.std_logic_unsigned
Compiling package dds_compiler_v6_0_23.pkg_betas
Compiling package dds_compiler_v6_0_23.pkg_alphas
Compiling package mult_gen_v12_0_19.mult_gen_v12_0_19_viv_comp
Compiling package mult_gen_v12_0_19.mult_gen_v12_0_19_pkg
Compiling package ieee.vital_timing
Compiling package ieee.vital_primitives
Compiling package unisim.vpkg
Compiling package fir_compiler_v7_2_20.fir_compiler_v7_2_20_viv_comp
Compiling package ieee.std_logic_textio
Compiling package fir_compiler_v7_2_20.globals_pkg
Compiling package fir_compiler_v7_2_20.components
Compiling module xil_defaultlib.divClk32d768M
Compiling module xil_defaultlib.PN_Gen
Compiling module xil_defaultlib.p2s
Compiling module xil_defaultlib.iq_div
Compiling architecture synth of entity xbip_pipe_v3_0_7.xbip_pipe_v3_0_7_viv [\xbip_pipe_v3_0_7_viv(c_latency=...]
Compiling architecture synth of entity xbip_pipe_v3_0_7.xbip_pipe_v3_0_7_viv [\xbip_pipe_v3_0_7_viv(c_latency=...]
Compiling architecture synth of entity dds_compiler_v6_0_23.dds_compiler_v6_0_23_rdy [\dds_compiler_v6_0_23_rdy(c_has_...]
Compiling architecture synth of entity xbip_pipe_v3_0_7.xbip_pipe_v3_0_7_viv [\xbip_pipe_v3_0_7_viv(c_has_ce=1...]
Compiling architecture synth of entity xbip_pipe_v3_0_7.xbip_pipe_v3_0_7_viv [\xbip_pipe_v3_0_7_viv(c_has_ce=1...]
Compiling architecture synth of entity xbip_pipe_v3_0_7.xbip_pipe_v3_0_7_viv [\xbip_pipe_v3_0_7_viv(c_has_ce=1...]
Compiling architecture synth of entity xbip_pipe_v3_0_7.xbip_pipe_v3_0_7_viv [\xbip_pipe_v3_0_7_viv(c_latency=...]
Compiling architecture synth of entity dds_compiler_v6_0_23.pipe_add [\pipe_add(c_width=23,c_seg_width...]
Compiling architecture synth of entity dds_compiler_v6_0_23.accum [\accum(c_xdevicefamily="zynq",c_...]
Compiling architecture synth of entity xbip_pipe_v3_0_7.xbip_pipe_v3_0_7_viv [\xbip_pipe_v3_0_7_viv(c_latency=...]
Compiling architecture synth of entity xbip_pipe_v3_0_7.xbip_pipe_v3_0_7_viv [\xbip_pipe_v3_0_7_viv(c_latency=...]
Compiling architecture synth of entity xbip_pipe_v3_0_7.xbip_pipe_v3_0_7_viv [\xbip_pipe_v3_0_7_viv(c_latency=...]
Compiling architecture synth of entity xbip_pipe_v3_0_7.xbip_pipe_v3_0_7_viv [\xbip_pipe_v3_0_7_viv(c_latency=...]
Compiling architecture synth of entity dds_compiler_v6_0_23.sin_cos [\sin_cos(c_xdevicefamily="zynq",...]
Compiling architecture synth of entity xbip_pipe_v3_0_7.xbip_pipe_v3_0_7_viv [\xbip_pipe_v3_0_7_viv(c_has_ce=1...]
Compiling architecture synth of entity xbip_pipe_v3_0_7.xbip_pipe_v3_0_7_viv [\xbip_pipe_v3_0_7_viv(c_has_ce=1...]
Compiling architecture synth of entity dds_compiler_v6_0_23.dds_compiler_v6_0_23_core [\dds_compiler_v6_0_23_core(c_xde...]
Compiling architecture synth of entity dds_compiler_v6_0_23.dds_compiler_v6_0_23_viv [\dds_compiler_v6_0_23_viv(c_xdev...]
Compiling architecture xilinx of entity dds_compiler_v6_0_23.dds_compiler_v6_0_23 [\dds_compiler_v6_0_23(c_xdevicef...]
Compiling architecture dds_cos_arch of entity xil_defaultlib.dds_cos [dds_cos_default]
Compiling architecture synth of entity dds_compiler_v6_0_23.sin_cos [\sin_cos(c_xdevicefamily="zynq",...]
Compiling architecture synth of entity dds_compiler_v6_0_23.dds_compiler_v6_0_23_core [\dds_compiler_v6_0_23_core(c_xde...]
Compiling architecture synth of entity dds_compiler_v6_0_23.dds_compiler_v6_0_23_viv [\dds_compiler_v6_0_23_viv(c_xdev...]
Compiling architecture xilinx of entity dds_compiler_v6_0_23.dds_compiler_v6_0_23 [\dds_compiler_v6_0_23(c_xdevicef...]
Compiling architecture dds_sin_arch of entity xil_defaultlib.dds_sin [dds_sin_default]
Compiling architecture lut2_v of entity unisim.LUT2 [\LUT2(init="1000")(0,3)\]
Compiling architecture mult_and_v of entity unisim.MULT_AND [mult_and_default]
Compiling architecture muxcy_v of entity unisim.MUXCY [muxcy_default]
Compiling architecture xorcy_v of entity unisim.XORCY [xorcy_default]
Compiling architecture xilinx of entity mult_gen_v12_0_19.op_resize [\op_resize(ai_width=2,bi_width=1...]
Compiling architecture xilinx of entity mult_gen_v12_0_19.luts [\luts(c_xdevicefamily="zynq",c_a...]
Compiling architecture xilinx of entity mult_gen_v12_0_19.mult_gen_v12_0_19_viv [\mult_gen_v12_0_19_viv(c_verbosi...]
Compiling architecture xilinx of entity mult_gen_v12_0_19.mult_gen_v12_0_19 [\mult_gen_v12_0_19(c_xdevicefami...]
Compiling architecture mul_mod_arch of entity xil_defaultlib.mul_mod [mul_mod_default]
Compiling module xil_defaultlib.qpskmod
Compiling architecture synth of entity xbip_pipe_v3_0_7.xbip_pipe_v3_0_7_viv [\xbip_pipe_v3_0_7_viv(c_latency=...]
Compiling architecture synth of entity dds_compiler_v6_0_23.accum [\accum(c_xdevicefamily="zynq",c_...]
Compiling architecture synth of entity dds_compiler_v6_0_23.dds_compiler_v6_0_23_core [\dds_compiler_v6_0_23_core(c_xde...]
Compiling architecture synth of entity dds_compiler_v6_0_23.dds_compiler_v6_0_23_viv [\dds_compiler_v6_0_23_viv(c_xdev...]
Compiling architecture xilinx of entity dds_compiler_v6_0_23.dds_compiler_v6_0_23 [\dds_compiler_v6_0_23(c_xdevicef...]
Compiling architecture dds_demod_cos_arch of entity xil_defaultlib.dds_demod_cos [dds_demod_cos_default]
Compiling architecture synth of entity dds_compiler_v6_0_23.dds_compiler_v6_0_23_core [\dds_compiler_v6_0_23_core(c_xde...]
Compiling architecture synth of entity dds_compiler_v6_0_23.dds_compiler_v6_0_23_viv [\dds_compiler_v6_0_23_viv(c_xdev...]
Compiling architecture xilinx of entity dds_compiler_v6_0_23.dds_compiler_v6_0_23 [\dds_compiler_v6_0_23(c_xdevicef...]
Compiling architecture dds_demod_sin_arch of entity xil_defaultlib.dds_demod_sin [dds_demod_sin_default]
Compiling module xil_defaultlib.delay
Compiling architecture xilinx of entity mult_gen_v12_0_19.op_resize [\op_resize(ai_width=15,bi_width=...]
Compiling architecture xilinx of entity mult_gen_v12_0_19.luts [\luts(c_xdevicefamily="zynq",c_a...]
Compiling architecture xilinx of entity mult_gen_v12_0_19.mult_gen_v12_0_19_viv [\mult_gen_v12_0_19_viv(c_verbosi...]
Compiling architecture xilinx of entity mult_gen_v12_0_19.mult_gen_v12_0_19 [\mult_gen_v12_0_19(c_xdevicefami...]
Compiling architecture mult_demod_arch of entity xil_defaultlib.mult_demod [mult_demod_default]
Compiling architecture xilinx of entity axi_utils_v2_0_7.glb_srl_fifo [\glb_srl_fifo(width=27,has_ifx=t...]
Compiling architecture xilinx of entity axi_utils_v2_0_7.glb_ifx_slave [\glb_ifx_slave(width=27,has_ifx=...]
Compiling architecture synth of entity fir_compiler_v7_2_20.cntrl_delay [\cntrl_delay(c_delay_len=0,c_mem...]
Compiling architecture synth of entity fir_compiler_v7_2_20.cntrl_delay [\cntrl_delay(c_delay_len=4,c_mem...]
Compiling architecture synth of entity fir_compiler_v7_2_20.sp_mem [\sp_mem(c_xdevicefamily="zynq",c...]
Compiling architecture synth of entity fir_compiler_v7_2_20.sp_mem [\sp_mem(c_xdevicefamily="zynq",c...]
Compiling architecture synth of entity fir_compiler_v7_2_20.filt_mem [\filt_mem(c_xdevicefamily="zynq"...]
Compiling architecture synth of entity fir_compiler_v7_2_20.sp_mem [\sp_mem(c_xdevicefamily="zynq",c...]
Compiling architecture synth of entity fir_compiler_v7_2_20.sp_mem [\sp_mem(c_xdevicefamily="zynq",c...]
Compiling architecture synth of entity fir_compiler_v7_2_20.filt_mem [\filt_mem(c_xdevicefamily="zynq"...]
Compiling architecture synth of entity fir_compiler_v7_2_20.sp_mem [\sp_mem(c_xdevicefamily="zynq",c...]
Compiling architecture synth of entity fir_compiler_v7_2_20.sp_mem [\sp_mem(c_xdevicefamily="zynq",c...]
Compiling architecture synth of entity fir_compiler_v7_2_20.filt_mem [\filt_mem(c_xdevicefamily="zynq"...]
Compiling architecture synth of entity fir_compiler_v7_2_20.sp_mem [\sp_mem(c_xdevicefamily="zynq",c...]
Compiling architecture synth of entity fir_compiler_v7_2_20.sp_mem [\sp_mem(c_xdevicefamily="zynq",c...]
Compiling architecture synth of entity fir_compiler_v7_2_20.filt_mem [\filt_mem(c_xdevicefamily="zynq"...]
Compiling architecture synth of entity fir_compiler_v7_2_20.sp_mem [\sp_mem(c_xdevicefamily="zynq",c...]
Compiling architecture synth of entity fir_compiler_v7_2_20.sp_mem [\sp_mem(c_xdevicefamily="zynq",c...]
Compiling architecture synth of entity fir_compiler_v7_2_20.filt_mem [\filt_mem(c_xdevicefamily="zynq"...]
Compiling architecture synth of entity fir_compiler_v7_2_20.sp_mem [\sp_mem(c_xdevicefamily="zynq",c...]
Compiling architecture synth of entity fir_compiler_v7_2_20.sp_mem [\sp_mem(c_xdevicefamily="zynq",c...]
Compiling architecture synth of entity fir_compiler_v7_2_20.filt_mem [\filt_mem(c_xdevicefamily="zynq"...]
Compiling architecture synth of entity fir_compiler_v7_2_20.sp_mem [\sp_mem(c_xdevicefamily="zynq",c...]
Compiling architecture synth of entity fir_compiler_v7_2_20.sp_mem [\sp_mem(c_xdevicefamily="zynq",c...]
Compiling architecture synth of entity fir_compiler_v7_2_20.filt_mem [\filt_mem(c_xdevicefamily="zynq"...]
Compiling architecture synth of entity fir_compiler_v7_2_20.sp_mem [\sp_mem(c_xdevicefamily="zynq",c...]
Compiling architecture synth of entity fir_compiler_v7_2_20.sp_mem [\sp_mem(c_xdevicefamily="zynq",c...]
Compiling architecture synth of entity fir_compiler_v7_2_20.filt_mem [\filt_mem(c_xdevicefamily="zynq"...]
Compiling architecture synth of entity fir_compiler_v7_2_20.sp_mem [\sp_mem(c_xdevicefamily="zynq",c...]
Compiling architecture synth of entity fir_compiler_v7_2_20.sp_mem [\sp_mem(c_xdevicefamily="zynq",c...]
Compiling architecture synth of entity fir_compiler_v7_2_20.filt_mem [\filt_mem(c_xdevicefamily="zynq"...]
Compiling architecture synth of entity fir_compiler_v7_2_20.sp_mem [\sp_mem(c_xdevicefamily="zynq",c...]
Compiling architecture synth of entity fir_compiler_v7_2_20.sp_mem [\sp_mem(c_xdevicefamily="zynq",c...]
Compiling architecture synth of entity fir_compiler_v7_2_20.filt_mem [\filt_mem(c_xdevicefamily="zynq"...]
Compiling architecture synth of entity fir_compiler_v7_2_20.sp_mem [\sp_mem(c_xdevicefamily="zynq",c...]
Compiling architecture synth of entity fir_compiler_v7_2_20.sp_mem [\sp_mem(c_xdevicefamily="zynq",c...]
Compiling architecture synth of entity fir_compiler_v7_2_20.filt_mem [\filt_mem(c_xdevicefamily="zynq"...]
Compiling architecture synth of entity fir_compiler_v7_2_20.sp_mem [\sp_mem(c_xdevicefamily="zynq",c...]
Compiling architecture synth of entity fir_compiler_v7_2_20.sp_mem [\sp_mem(c_xdevicefamily="zynq",c...]
Compiling architecture synth of entity fir_compiler_v7_2_20.filt_mem [\filt_mem(c_xdevicefamily="zynq"...]
Compiling architecture synth of entity fir_compiler_v7_2_20.sp_mem [\sp_mem(c_xdevicefamily="zynq",c...]
Compiling architecture synth of entity fir_compiler_v7_2_20.sp_mem [\sp_mem(c_xdevicefamily="zynq",c...]
Compiling architecture synth of entity fir_compiler_v7_2_20.filt_mem [\filt_mem(c_xdevicefamily="zynq"...]
Compiling architecture synth of entity fir_compiler_v7_2_20.sp_mem [\sp_mem(c_xdevicefamily="zynq",c...]
Compiling architecture synth of entity fir_compiler_v7_2_20.sp_mem [\sp_mem(c_xdevicefamily="zynq",c...]
Compiling architecture synth of entity fir_compiler_v7_2_20.filt_mem [\filt_mem(c_xdevicefamily="zynq"...]
Compiling architecture synth of entity fir_compiler_v7_2_20.sp_mem [\sp_mem(c_xdevicefamily="zynq",c...]
Compiling architecture synth of entity fir_compiler_v7_2_20.sp_mem [\sp_mem(c_xdevicefamily="zynq",c...]
Compiling architecture synth of entity fir_compiler_v7_2_20.filt_mem [\filt_mem(c_xdevicefamily="zynq"...]
Compiling architecture synth of entity fir_compiler_v7_2_20.sp_mem [\sp_mem(c_xdevicefamily="zynq",c...]
Compiling architecture synth of entity fir_compiler_v7_2_20.sp_mem [\sp_mem(c_xdevicefamily="zynq",c...]
Compiling architecture synth of entity fir_compiler_v7_2_20.filt_mem [\filt_mem(c_xdevicefamily="zynq"...]
Compiling architecture synth of entity fir_compiler_v7_2_20.sp_mem [\sp_mem(c_xdevicefamily="zynq",c...]
Compiling architecture synth of entity fir_compiler_v7_2_20.sp_mem [\sp_mem(c_xdevicefamily="zynq",c...]
Compiling architecture synth of entity fir_compiler_v7_2_20.filt_mem [\filt_mem(c_xdevicefamily="zynq"...]
Compiling architecture synth of entity fir_compiler_v7_2_20.sp_mem [\sp_mem(c_xdevicefamily="zynq",c...]
Compiling architecture synth of entity fir_compiler_v7_2_20.sp_mem [\sp_mem(c_xdevicefamily="zynq",c...]
Compiling architecture synth of entity fir_compiler_v7_2_20.filt_mem [\filt_mem(c_xdevicefamily="zynq"...]
Compiling architecture synth of entity fir_compiler_v7_2_20.sp_mem [\sp_mem(c_xdevicefamily="zynq",c...]
Compiling architecture synth of entity fir_compiler_v7_2_20.sp_mem [\sp_mem(c_xdevicefamily="zynq",c...]
Compiling architecture synth of entity fir_compiler_v7_2_20.filt_mem [\filt_mem(c_xdevicefamily="zynq"...]
Compiling architecture synth of entity fir_compiler_v7_2_20.sp_mem [\sp_mem(c_xdevicefamily="zynq",c...]
Compiling architecture synth of entity fir_compiler_v7_2_20.sp_mem [\sp_mem(c_xdevicefamily="zynq",c...]
Compiling architecture synth of entity fir_compiler_v7_2_20.filt_mem [\filt_mem(c_xdevicefamily="zynq"...]
Compiling architecture synth of entity fir_compiler_v7_2_20.sp_mem [\sp_mem(c_xdevicefamily="zynq",c...]
Compiling architecture synth of entity fir_compiler_v7_2_20.sp_mem [\sp_mem(c_xdevicefamily="zynq",c...]
Compiling architecture synth of entity fir_compiler_v7_2_20.filt_mem [\filt_mem(c_xdevicefamily="zynq"...]
Compiling architecture synth of entity fir_compiler_v7_2_20.sp_mem [\sp_mem(c_xdevicefamily="zynq",c...]
Compiling architecture synth of entity fir_compiler_v7_2_20.sp_mem [\sp_mem(c_xdevicefamily="zynq",c...]
Compiling architecture synth of entity fir_compiler_v7_2_20.filt_mem [\filt_mem(c_xdevicefamily="zynq"...]
Compiling architecture synth of entity fir_compiler_v7_2_20.sp_mem [\sp_mem(c_xdevicefamily="zynq",c...]
Compiling architecture synth of entity fir_compiler_v7_2_20.sp_mem [\sp_mem(c_xdevicefamily="zynq",c...]
Compiling architecture synth of entity fir_compiler_v7_2_20.filt_mem [\filt_mem(c_xdevicefamily="zynq"...]
Compiling architecture synth of entity fir_compiler_v7_2_20.sp_mem [\sp_mem(c_xdevicefamily="zynq",c...]
Compiling architecture synth of entity fir_compiler_v7_2_20.sp_mem [\sp_mem(c_xdevicefamily="zynq",c...]
Compiling architecture synth of entity fir_compiler_v7_2_20.filt_mem [\filt_mem(c_xdevicefamily="zynq"...]
Compiling architecture synth of entity fir_compiler_v7_2_20.sp_mem [\sp_mem(c_xdevicefamily="zynq",c...]
Compiling architecture synth of entity fir_compiler_v7_2_20.sp_mem [\sp_mem(c_xdevicefamily="zynq",c...]
Compiling architecture synth of entity fir_compiler_v7_2_20.filt_mem [\filt_mem(c_xdevicefamily="zynq"...]
Compiling architecture synth of entity fir_compiler_v7_2_20.sp_mem [\sp_mem(c_xdevicefamily="zynq",c...]
Compiling architecture synth of entity fir_compiler_v7_2_20.sp_mem [\sp_mem(c_xdevicefamily="zynq",c...]
Compiling architecture synth of entity fir_compiler_v7_2_20.filt_mem [\filt_mem(c_xdevicefamily="zynq"...]
Compiling architecture synth of entity fir_compiler_v7_2_20.sp_mem [\sp_mem(c_xdevicefamily="zynq",c...]
Compiling architecture synth of entity fir_compiler_v7_2_20.sp_mem [\sp_mem(c_xdevicefamily="zynq",c...]
Compiling architecture synth of entity fir_compiler_v7_2_20.filt_mem [\filt_mem(c_xdevicefamily="zynq"...]
Compiling architecture synth of entity fir_compiler_v7_2_20.sp_mem [\sp_mem(c_xdevicefamily="zynq",c...]
Compiling architecture synth of entity fir_compiler_v7_2_20.sp_mem [\sp_mem(c_xdevicefamily="zynq",c...]
Compiling architecture synth of entity fir_compiler_v7_2_20.filt_mem [\filt_mem(c_xdevicefamily="zynq"...]
Compiling architecture synth of entity fir_compiler_v7_2_20.sp_mem [\sp_mem(c_xdevicefamily="zynq",c...]
Compiling architecture synth of entity fir_compiler_v7_2_20.sp_mem [\sp_mem(c_xdevicefamily="zynq",c...]
Compiling architecture synth of entity fir_compiler_v7_2_20.filt_mem [\filt_mem(c_xdevicefamily="zynq"...]
Compiling architecture synth of entity fir_compiler_v7_2_20.sp_mem [\sp_mem(c_xdevicefamily="zynq",c...]
Compiling architecture synth of entity fir_compiler_v7_2_20.sp_mem [\sp_mem(c_xdevicefamily="zynq",c...]
Compiling architecture synth of entity fir_compiler_v7_2_20.filt_mem [\filt_mem(c_xdevicefamily="zynq"...]
Compiling architecture synth of entity fir_compiler_v7_2_20.sp_mem [\sp_mem(c_xdevicefamily="zynq",c...]
Compiling architecture synth of entity fir_compiler_v7_2_20.sp_mem [\sp_mem(c_xdevicefamily="zynq",c...]
Compiling architecture synth of entity fir_compiler_v7_2_20.filt_mem [\filt_mem(c_xdevicefamily="zynq"...]
Compiling architecture synth of entity fir_compiler_v7_2_20.sp_mem [\sp_mem(c_xdevicefamily="zynq",c...]
Compiling architecture synth of entity fir_compiler_v7_2_20.sp_mem [\sp_mem(c_xdevicefamily="zynq",c...]
Compiling architecture synth of entity fir_compiler_v7_2_20.filt_mem [\filt_mem(c_xdevicefamily="zynq"...]
Compiling architecture synth of entity fir_compiler_v7_2_20.sp_mem [\sp_mem(c_xdevicefamily="zynq",c...]
Compiling architecture synth of entity fir_compiler_v7_2_20.sp_mem [\sp_mem(c_xdevicefamily="zynq",c...]
Compiling architecture synth of entity fir_compiler_v7_2_20.filt_mem [\filt_mem(c_xdevicefamily="zynq"...]
Compiling architecture synth of entity fir_compiler_v7_2_20.sp_mem [\sp_mem(c_xdevicefamily="zynq",c...]
Compiling architecture synth of entity fir_compiler_v7_2_20.sp_mem [\sp_mem(c_xdevicefamily="zynq",c...]
Compiling architecture synth of entity fir_compiler_v7_2_20.filt_mem [\filt_mem(c_xdevicefamily="zynq"...]
Compiling architecture synth of entity fir_compiler_v7_2_20.sp_mem [\sp_mem(c_xdevicefamily="zynq",c...]
Compiling architecture synth of entity fir_compiler_v7_2_20.sp_mem [\sp_mem(c_xdevicefamily="zynq",c...]
Compiling architecture synth of entity fir_compiler_v7_2_20.filt_mem [\filt_mem(c_xdevicefamily="zynq"...]
Compiling architecture synth of entity fir_compiler_v7_2_20.sp_mem [\sp_mem(c_xdevicefamily="zynq",c...]
Compiling architecture synth of entity fir_compiler_v7_2_20.sp_mem [\sp_mem(c_xdevicefamily="zynq",c...]
Compiling architecture synth of entity fir_compiler_v7_2_20.filt_mem [\filt_mem(c_xdevicefamily="zynq"...]
Compiling architecture synth of entity fir_compiler_v7_2_20.sp_mem [\sp_mem(c_xdevicefamily="zynq",c...]
Compiling architecture synth of entity fir_compiler_v7_2_20.filt_mem [\filt_mem(c_xdevicefamily="zynq"...]
Compiling architecture synth of entity fir_compiler_v7_2_20.delay [\delay(c_delay_len=1,c_xdevicefa...]
Compiling architecture synth of entity fir_compiler_v7_2_20.buff [\buff(c_xdevicefamily="zynq",c_d...]
Compiling architecture synth of entity fir_compiler_v7_2_20.delay [\delay(c_delay_len=76,c_xdevicef...]
Compiling architecture synth of entity fir_compiler_v7_2_20.delay [\delay(c_delay_len=75,c_xdevicef...]
Compiling architecture synth of entity fir_compiler_v7_2_20.delay [\delay(c_delay_len=74,c_xdevicef...]
Compiling architecture synth of entity fir_compiler_v7_2_20.delay [\delay(c_delay_len=73,c_xdevicef...]
Compiling architecture synth of entity fir_compiler_v7_2_20.delay [\delay(c_delay_len=72,c_xdevicef...]
Compiling architecture synth of entity fir_compiler_v7_2_20.delay [\delay(c_delay_len=71,c_xdevicef...]
Compiling architecture synth of entity fir_compiler_v7_2_20.delay [\delay(c_delay_len=70,c_xdevicef...]
Compiling architecture synth of entity fir_compiler_v7_2_20.delay [\delay(c_delay_len=69,c_xdevicef...]
Compiling architecture synth of entity fir_compiler_v7_2_20.delay [\delay(c_delay_len=68,c_xdevicef...]
Compiling architecture synth of entity fir_compiler_v7_2_20.delay [\delay(c_delay_len=67,c_xdevicef...]
Compiling architecture synth of entity fir_compiler_v7_2_20.delay [\delay(c_delay_len=66,c_xdevicef...]
Compiling architecture synth of entity fir_compiler_v7_2_20.delay [\delay(c_delay_len=65,c_xdevicef...]
Compiling architecture synth of entity fir_compiler_v7_2_20.delay [\delay(c_delay_len=64,c_xdevicef...]
Compiling architecture synth of entity fir_compiler_v7_2_20.delay [\delay(c_delay_len=59,c_xdevicef...]
Compiling architecture synth of entity fir_compiler_v7_2_20.delay [\delay(c_delay_len=58,c_xdevicef...]
Compiling architecture synth of entity fir_compiler_v7_2_20.delay [\delay(c_delay_len=57,c_xdevicef...]
Compiling architecture synth of entity fir_compiler_v7_2_20.delay [\delay(c_delay_len=56,c_xdevicef...]
Compiling architecture synth of entity fir_compiler_v7_2_20.delay [\delay(c_delay_len=55,c_xdevicef...]
Compiling architecture synth of entity fir_compiler_v7_2_20.delay [\delay(c_delay_len=54,c_xdevicef...]
Compiling architecture synth of entity fir_compiler_v7_2_20.delay [\delay(c_delay_len=53,c_xdevicef...]
Compiling architecture synth of entity fir_compiler_v7_2_20.delay [\delay(c_delay_len=52,c_xdevicef...]
Compiling architecture synth of entity fir_compiler_v7_2_20.delay [\delay(c_delay_len=51,c_xdevicef...]
Compiling architecture synth of entity fir_compiler_v7_2_20.delay [\delay(c_delay_len=50,c_xdevicef...]
Compiling architecture synth of entity fir_compiler_v7_2_20.delay [\delay(c_delay_len=49,c_xdevicef...]
Compiling architecture synth of entity fir_compiler_v7_2_20.delay [\delay(c_delay_len=48,c_xdevicef...]
Compiling architecture synth of entity fir_compiler_v7_2_20.delay [\delay(c_delay_len=47,c_xdevicef...]
Compiling architecture synth of entity fir_compiler_v7_2_20.delay [\delay(c_delay_len=46,c_xdevicef...]
Compiling architecture synth of entity fir_compiler_v7_2_20.delay [\delay(c_delay_len=45,c_xdevicef...]
Compiling architecture synth of entity fir_compiler_v7_2_20.delay [\delay(c_delay_len=44,c_xdevicef...]
Compiling architecture synth of entity fir_compiler_v7_2_20.delay [\delay(c_delay_len=43,c_xdevicef...]
Compiling architecture synth of entity fir_compiler_v7_2_20.delay [\delay(c_delay_len=42,c_xdevicef...]
Compiling architecture synth of entity fir_compiler_v7_2_20.delay [\delay(c_delay_len=41,c_xdevicef...]
Compiling architecture synth of entity fir_compiler_v7_2_20.delay [\delay(c_delay_len=40,c_xdevicef...]
Compiling architecture synth of entity fir_compiler_v7_2_20.delay [\delay(c_delay_len=39,c_xdevicef...]
Compiling architecture synth of entity fir_compiler_v7_2_20.delay [\delay(c_delay_len=38,c_xdevicef...]
Compiling architecture synth of entity fir_compiler_v7_2_20.delay [\delay(c_delay_len=37,c_xdevicef...]
Compiling architecture synth of entity fir_compiler_v7_2_20.delay [\delay(c_delay_len=36,c_xdevicef...]
Compiling architecture synth of entity fir_compiler_v7_2_20.delay [\delay(c_delay_len=35,c_xdevicef...]
Compiling architecture synth of entity fir_compiler_v7_2_20.delay [\delay(c_delay_len=34,c_xdevicef...]
Compiling architecture synth of entity fir_compiler_v7_2_20.delay [\delay(c_delay_len=33,c_xdevicef...]
Compiling architecture synth of entity fir_compiler_v7_2_20.delay [\delay(c_delay_len=32,c_xdevicef...]
Compiling architecture synth of entity fir_compiler_v7_2_20.delay [\delay(c_delay_len=31,c_xdevicef...]
Compiling architecture synth of entity fir_compiler_v7_2_20.delay [\delay(c_delay_len=30,c_xdevicef...]
Compiling architecture synth of entity fir_compiler_v7_2_20.delay [\delay(c_delay_len=29,c_xdevicef...]
Compiling architecture synth of entity fir_compiler_v7_2_20.delay [\delay(c_delay_len=28,c_xdevicef...]
Compiling architecture synth of entity fir_compiler_v7_2_20.delay [\delay(c_delay_len=27,c_xdevicef...]
Compiling architecture synth of entity fir_compiler_v7_2_20.delay [\delay(c_delay_len=26,c_xdevicef...]
Compiling architecture synth of entity fir_compiler_v7_2_20.delay [\delay(c_delay_len=25,c_xdevicef...]
Compiling architecture synth of entity fir_compiler_v7_2_20.delay [\delay(c_delay_len=24,c_xdevicef...]
Compiling architecture synth of entity fir_compiler_v7_2_20.delay [\delay(c_delay_len=23,c_xdevicef...]
Compiling architecture synth of entity fir_compiler_v7_2_20.delay [\delay(c_delay_len=22,c_xdevicef...]
Compiling architecture synth of entity fir_compiler_v7_2_20.delay [\delay(c_delay_len=21,c_xdevicef...]
Compiling architecture synth of entity fir_compiler_v7_2_20.delay [\delay(c_delay_len=20,c_xdevicef...]
Compiling architecture synth of entity fir_compiler_v7_2_20.delay [\delay(c_delay_len=19,c_xdevicef...]
Compiling architecture synth of entity fir_compiler_v7_2_20.delay [\delay(c_delay_len=18,c_xdevicef...]
Compiling architecture synth of entity fir_compiler_v7_2_20.delay [\delay(c_delay_len=17,c_xdevicef...]
Compiling architecture synth of entity fir_compiler_v7_2_20.delay [\delay(c_delay_len=16,c_xdevicef...]
Compiling architecture synth of entity fir_compiler_v7_2_20.delay [\delay(c_delay_len=15,c_xdevicef...]
Compiling architecture synth of entity fir_compiler_v7_2_20.delay [\delay(c_delay_len=14,c_xdevicef...]
Compiling architecture synth of entity fir_compiler_v7_2_20.delay [\delay(c_delay_len=13,c_xdevicef...]
Compiling architecture synth of entity fir_compiler_v7_2_20.delay [\delay(c_delay_len=12,c_xdevicef...]
Compiling architecture synth of entity fir_compiler_v7_2_20.delay [\delay(c_delay_len=11,c_xdevicef...]
Compiling architecture synth of entity fir_compiler_v7_2_20.delay [\delay(c_delay_len=10,c_xdevicef...]
Compiling architecture synth of entity fir_compiler_v7_2_20.delay [\delay(c_delay_len=9,c_xdevicefa...]
Compiling architecture synth of entity fir_compiler_v7_2_20.delay [\delay(c_delay_len=8,c_xdevicefa...]
Compiling architecture synth of entity fir_compiler_v7_2_20.delay [\delay(c_delay_len=7,c_xdevicefa...]
Compiling architecture synth of entity fir_compiler_v7_2_20.delay [\delay(c_delay_len=6,c_xdevicefa...]
Compiling architecture synth of entity fir_compiler_v7_2_20.delay [\delay(c_delay_len=5,c_xdevicefa...]
Compiling architecture synth of entity fir_compiler_v7_2_20.delay [\delay(c_delay_len=4,c_xdevicefa...]
Compiling architecture synth of entity fir_compiler_v7_2_20.delay [\delay(c_delay_len=3,c_xdevicefa...]
Compiling architecture synth of entity fir_compiler_v7_2_20.delay [\delay(c_delay_len=2,c_xdevicefa...]
Compiling architecture synth of entity fir_compiler_v7_2_20.delay [\delay(c_delay_len=0,c_xdevicefa...]
Compiling architecture synth of entity fir_compiler_v7_2_20.buff [\buff(c_xdevicefamily="zynq",c_d...]
Compiling architecture synth of entity fir_compiler_v7_2_20.delay [\delay(c_delay_len=4,c_xdevicefa...]
Compiling architecture synth of entity fir_compiler_v7_2_20.buff [\buff(c_xdevicefamily="zynq",c_d...]
Compiling architecture synth of entity fir_compiler_v7_2_20.delay [\delay(c_delay_len=0,c_xdevicefa...]
Compiling architecture synth of entity fir_compiler_v7_2_20.delay [\delay(c_delay_len=0,c_xdevicefa...]
Compiling architecture dsp48e1_v of entity unisim.DSP48E1 [\DSP48E1(mask="11111111111111111...]
Compiling architecture synth of entity fir_compiler_v7_2_20.calc [\calc(c_xdevicefamily="zynq",c_p...]
Compiling architecture synth of entity fir_compiler_v7_2_20.addsub_mult_add [\addsub_mult_add(c_xdevicefamily...]
Compiling architecture synth of entity fir_compiler_v7_2_20.delay [\delay(c_delay_len=3,c_xdevicefa...]
Compiling architecture synth of entity fir_compiler_v7_2_20.addsub_mult_add [\addsub_mult_add(c_xdevicefamily...]
Compiling architecture synth of entity fir_compiler_v7_2_20.delay [\delay(c_delay_len=0,c_xdevicefa...]
Compiling architecture synth of entity fir_compiler_v7_2_20.addsub_mult_add [\addsub_mult_add(c_xdevicefamily...]
Compiling architecture synth of entity fir_compiler_v7_2_20.delay [\delay(c_delay_len=1,c_xdevicefa...]
Compiling architecture synth of entity fir_compiler_v7_2_20.buff [\buff(c_xdevicefamily="zynq",c_d...]
Compiling architecture synth of entity fir_compiler_v7_2_20.delay [\delay(c_delay_len=76,c_xdevicef...]
Compiling architecture synth of entity fir_compiler_v7_2_20.delay [\delay(c_delay_len=75,c_xdevicef...]
Compiling architecture synth of entity fir_compiler_v7_2_20.delay [\delay(c_delay_len=74,c_xdevicef...]
Compiling architecture synth of entity fir_compiler_v7_2_20.delay [\delay(c_delay_len=73,c_xdevicef...]
Compiling architecture synth of entity fir_compiler_v7_2_20.delay [\delay(c_delay_len=72,c_xdevicef...]
Compiling architecture synth of entity fir_compiler_v7_2_20.delay [\delay(c_delay_len=71,c_xdevicef...]
Compiling architecture synth of entity fir_compiler_v7_2_20.delay [\delay(c_delay_len=70,c_xdevicef...]
Compiling architecture synth of entity fir_compiler_v7_2_20.delay [\delay(c_delay_len=69,c_xdevicef...]
Compiling architecture synth of entity fir_compiler_v7_2_20.delay [\delay(c_delay_len=68,c_xdevicef...]
Compiling architecture synth of entity fir_compiler_v7_2_20.delay [\delay(c_delay_len=67,c_xdevicef...]
Compiling architecture synth of entity fir_compiler_v7_2_20.delay [\delay(c_delay_len=66,c_xdevicef...]
Compiling architecture synth of entity fir_compiler_v7_2_20.delay [\delay(c_delay_len=65,c_xdevicef...]
Compiling architecture synth of entity fir_compiler_v7_2_20.delay [\delay(c_delay_len=64,c_xdevicef...]
Compiling architecture synth of entity fir_compiler_v7_2_20.delay [\delay(c_delay_len=59,c_xdevicef...]
Compiling architecture synth of entity fir_compiler_v7_2_20.delay [\delay(c_delay_len=58,c_xdevicef...]
Compiling architecture synth of entity fir_compiler_v7_2_20.delay [\delay(c_delay_len=57,c_xdevicef...]
Compiling architecture synth of entity fir_compiler_v7_2_20.delay [\delay(c_delay_len=56,c_xdevicef...]
Compiling architecture synth of entity fir_compiler_v7_2_20.delay [\delay(c_delay_len=55,c_xdevicef...]
Compiling architecture synth of entity fir_compiler_v7_2_20.delay [\delay(c_delay_len=54,c_xdevicef...]
Compiling architecture synth of entity fir_compiler_v7_2_20.delay [\delay(c_delay_len=53,c_xdevicef...]
Compiling architecture synth of entity fir_compiler_v7_2_20.delay [\delay(c_delay_len=52,c_xdevicef...]
Compiling architecture synth of entity fir_compiler_v7_2_20.delay [\delay(c_delay_len=51,c_xdevicef...]
Compiling architecture synth of entity fir_compiler_v7_2_20.delay [\delay(c_delay_len=50,c_xdevicef...]
Compiling architecture synth of entity fir_compiler_v7_2_20.delay [\delay(c_delay_len=49,c_xdevicef...]
Compiling architecture synth of entity fir_compiler_v7_2_20.delay [\delay(c_delay_len=48,c_xdevicef...]
Compiling architecture synth of entity fir_compiler_v7_2_20.delay [\delay(c_delay_len=47,c_xdevicef...]
Compiling architecture synth of entity fir_compiler_v7_2_20.delay [\delay(c_delay_len=46,c_xdevicef...]
Compiling architecture synth of entity fir_compiler_v7_2_20.delay [\delay(c_delay_len=45,c_xdevicef...]
Compiling architecture synth of entity fir_compiler_v7_2_20.delay [\delay(c_delay_len=44,c_xdevicef...]
Compiling architecture synth of entity fir_compiler_v7_2_20.delay [\delay(c_delay_len=43,c_xdevicef...]
Compiling architecture synth of entity fir_compiler_v7_2_20.delay [\delay(c_delay_len=42,c_xdevicef...]
Compiling architecture synth of entity fir_compiler_v7_2_20.delay [\delay(c_delay_len=41,c_xdevicef...]
Compiling architecture synth of entity fir_compiler_v7_2_20.delay [\delay(c_delay_len=40,c_xdevicef...]
Compiling architecture synth of entity fir_compiler_v7_2_20.delay [\delay(c_delay_len=39,c_xdevicef...]
Compiling architecture synth of entity fir_compiler_v7_2_20.delay [\delay(c_delay_len=38,c_xdevicef...]
Compiling architecture synth of entity fir_compiler_v7_2_20.delay [\delay(c_delay_len=37,c_xdevicef...]
Compiling architecture synth of entity fir_compiler_v7_2_20.delay [\delay(c_delay_len=36,c_xdevicef...]
Compiling architecture synth of entity fir_compiler_v7_2_20.delay [\delay(c_delay_len=35,c_xdevicef...]
Compiling architecture synth of entity fir_compiler_v7_2_20.delay [\delay(c_delay_len=34,c_xdevicef...]
Compiling architecture synth of entity fir_compiler_v7_2_20.delay [\delay(c_delay_len=33,c_xdevicef...]
Compiling architecture synth of entity fir_compiler_v7_2_20.delay [\delay(c_delay_len=32,c_xdevicef...]
Compiling architecture synth of entity fir_compiler_v7_2_20.delay [\delay(c_delay_len=31,c_xdevicef...]
Compiling architecture synth of entity fir_compiler_v7_2_20.delay [\delay(c_delay_len=30,c_xdevicef...]
Compiling architecture synth of entity fir_compiler_v7_2_20.delay [\delay(c_delay_len=29,c_xdevicef...]
Compiling architecture synth of entity fir_compiler_v7_2_20.delay [\delay(c_delay_len=28,c_xdevicef...]
Compiling architecture synth of entity fir_compiler_v7_2_20.delay [\delay(c_delay_len=27,c_xdevicef...]
Compiling architecture synth of entity fir_compiler_v7_2_20.delay [\delay(c_delay_len=26,c_xdevicef...]
Compiling architecture synth of entity fir_compiler_v7_2_20.delay [\delay(c_delay_len=25,c_xdevicef...]
Compiling architecture synth of entity fir_compiler_v7_2_20.delay [\delay(c_delay_len=24,c_xdevicef...]
Compiling architecture synth of entity fir_compiler_v7_2_20.delay [\delay(c_delay_len=23,c_xdevicef...]
Compiling architecture synth of entity fir_compiler_v7_2_20.delay [\delay(c_delay_len=22,c_xdevicef...]
Compiling architecture synth of entity fir_compiler_v7_2_20.delay [\delay(c_delay_len=21,c_xdevicef...]
Compiling architecture synth of entity fir_compiler_v7_2_20.delay [\delay(c_delay_len=20,c_xdevicef...]
Compiling architecture synth of entity fir_compiler_v7_2_20.delay [\delay(c_delay_len=19,c_xdevicef...]
Compiling architecture synth of entity fir_compiler_v7_2_20.delay [\delay(c_delay_len=18,c_xdevicef...]
Compiling architecture synth of entity fir_compiler_v7_2_20.delay [\delay(c_delay_len=17,c_xdevicef...]
Compiling architecture synth of entity fir_compiler_v7_2_20.delay [\delay(c_delay_len=16,c_xdevicef...]
Compiling architecture synth of entity fir_compiler_v7_2_20.delay [\delay(c_delay_len=15,c_xdevicef...]
Compiling architecture synth of entity fir_compiler_v7_2_20.delay [\delay(c_delay_len=14,c_xdevicef...]
Compiling architecture synth of entity fir_compiler_v7_2_20.delay [\delay(c_delay_len=13,c_xdevicef...]
Compiling architecture synth of entity fir_compiler_v7_2_20.delay [\delay(c_delay_len=12,c_xdevicef...]
Compiling architecture synth of entity fir_compiler_v7_2_20.delay [\delay(c_delay_len=11,c_xdevicef...]
Compiling architecture synth of entity fir_compiler_v7_2_20.delay [\delay(c_delay_len=10,c_xdevicef...]
Compiling architecture synth of entity fir_compiler_v7_2_20.delay [\delay(c_delay_len=9,c_xdevicefa...]
Compiling architecture synth of entity fir_compiler_v7_2_20.delay [\delay(c_delay_len=8,c_xdevicefa...]
Compiling architecture synth of entity fir_compiler_v7_2_20.delay [\delay(c_delay_len=7,c_xdevicefa...]
Compiling architecture synth of entity fir_compiler_v7_2_20.delay [\delay(c_delay_len=6,c_xdevicefa...]
Compiling architecture synth of entity fir_compiler_v7_2_20.delay [\delay(c_delay_len=5,c_xdevicefa...]
Compiling architecture synth of entity fir_compiler_v7_2_20.delay [\delay(c_delay_len=4,c_xdevicefa...]
Compiling architecture synth of entity fir_compiler_v7_2_20.delay [\delay(c_delay_len=3,c_xdevicefa...]
Compiling architecture synth of entity fir_compiler_v7_2_20.delay [\delay(c_delay_len=2,c_xdevicefa...]
Compiling architecture synth of entity fir_compiler_v7_2_20.delay [\delay(c_delay_len=0,c_xdevicefa...]
Compiling architecture synth of entity fir_compiler_v7_2_20.buff [\buff(c_xdevicefamily="zynq",c_d...]
Compiling architecture synth of entity fir_compiler_v7_2_20.delay [\delay(c_delay_len=4,c_xdevicefa...]
Compiling architecture synth of entity fir_compiler_v7_2_20.buff [\buff(c_xdevicefamily="zynq",c_d...]
Compiling architecture synth of entity fir_compiler_v7_2_20.calc [\calc(c_xdevicefamily="zynq",c_p...]
Compiling architecture synth of entity fir_compiler_v7_2_20.addsub_mult_add [\addsub_mult_add(c_xdevicefamily...]
Compiling architecture synth of entity fir_compiler_v7_2_20.addsub_mult_add [\addsub_mult_add(c_xdevicefamily...]
Compiling architecture synth of entity fir_compiler_v7_2_20.addsub_mult_add [\addsub_mult_add(c_xdevicefamily...]
Compiling architecture synth of entity fir_compiler_v7_2_20.delay [\delay(c_delay_len=1,c_xdevicefa...]
Compiling architecture synth of entity fir_compiler_v7_2_20.delay [\delay(c_delay_len=1,c_xdevicefa...]
Compiling architecture synth of entity fir_compiler_v7_2_20.delay [\delay(c_delay_len=83,c_xdevicef...]
Compiling architecture synth of entity fir_compiler_v7_2_20.delay [\delay(c_delay_len=0,c_xdevicefa...]
Compiling architecture synth of entity fir_compiler_v7_2_20.delay [\delay(c_delay_len=0,c_xdevicefa...]
Compiling architecture dsp48e1_v of entity unisim.DSP48E1 [\DSP48E1(inmodereg=0,mask="11111...]
Compiling architecture synth of entity fir_compiler_v7_2_20.delay [\delay(c_delay_len=0,c_xdevicefa...]
Compiling architecture synth of entity fir_compiler_v7_2_20.delay [\delay(c_delay_len=0,c_xdevicefa...]
Compiling architecture synth of entity fir_compiler_v7_2_20.calc [\calc(c_xdevicefamily="zynq",c_p...]
Compiling architecture synth of entity fir_compiler_v7_2_20.add_accum [\add_accum(c_xdevicefamily="zynq...]
Compiling architecture synth of entity fir_compiler_v7_2_20.delay [\delay(c_delay_len=2,c_xdevicefa...]
Compiling architecture synth of entity fir_compiler_v7_2_20.ext_mult [\ext_mult(c_xdevicefamily="zynq"...]
Compiling architecture synth of entity fir_compiler_v7_2_20.single_rate [\single_rate(c_xdevicefamily="zy...]
Compiling architecture synth of entity fir_compiler_v7_2_20.fir_compiler_v7_2_20_viv [\fir_compiler_v7_2_20_viv(c_xdev...]
Compiling architecture xilinx of entity fir_compiler_v7_2_20.fir_compiler_v7_2_20 [\fir_compiler_v7_2_20(c_xdevicef...]
Compiling architecture demod_lpfilter3_arch of entity xil_defaultlib.demod_lpfilter3 [demod_lpfilter3_default]
Compiling module xil_defaultlib.phase_detector_new
Compiling module xil_defaultlib.costas_loop_filter_new
Compiling module xil_defaultlib.gate_cal
Compiling module xil_defaultlib.iq_comb
Compiling module xil_defaultlib.clk_gen
Compiling module xil_defaultlib.phasedetec
Compiling module xil_defaultlib.moniflop
Compiling module xil_defaultlib.control
Compiling module xil_defaultlib.qpskdemod
Compiling module xil_defaultlib.qpsk_mod_demod_tb
Compiling module xil_defaultlib.glbl
Built simulation snapshot qpsk_mod_demod_tb_behav
